  adsconverterinterface.cpp
D:\eon-work\Server_V2\GridServerV2\ADS\adsinterface.h(12,10): fatal error C1083: 无法打开包括文件: “C:\TwinCAT\AdsApi\TcAdsDll\Include\TcAdsDef.h”: No such file or directory
  adsinterface.cpp
D:\eon-work\Server_V2\GridServerV2\ADS\adsinterface.h(12,10): fatal error C1083: 无法打开包括文件: “C:\TwinCAT\AdsApi\TcAdsDll\Include\TcAdsDef.h”: No such file or directory
  adsinterfacehandler.cpp
D:\eon-work\Server_V2\GridServerV2\ADS\adsinterface.h(12,10): fatal error C1083: 无法打开包括文件: “C:\TwinCAT\AdsApi\TcAdsDll\Include\TcAdsDef.h”: No such file or directory
  converterdevice.cpp
D:\eon-work\Server_V2\GridServerV2\ADS\adsinterface.h(12,10): fatal error C1083: 无法打开包括文件: “C:\TwinCAT\AdsApi\TcAdsDll\Include\TcAdsDef.h”: No such file or directory
  fenswitchgeardevice.cpp
D:\eon-work\Server_V2\GridServerV2\ADS\adsinterface.h(12,10): fatal error C1083: 无法打开包括文件: “C:\TwinCAT\AdsApi\TcAdsDll\Include\TcAdsDef.h”: No such file or directory
  scibreakbreakerdevice.cpp
D:\eon-work\Server_V2\GridServerV2\ADS\adsinterface.h(12,10): fatal error C1083: 无法打开包括文件: “C:\TwinCAT\AdsApi\TcAdsDll\Include\TcAdsDef.h”: No such file or directory
  GridServerV2.cpp
D:\eon-work\Server_V2\GridServerV2\ADS\adsinterface.h(12,10): fatal error C1083: 无法打开包括文件: “C:\TwinCAT\AdsApi\TcAdsDll\Include\TcAdsDef.h”: No such file or directory
  gridfile.cpp
D:\eon-work\Server_V2\GridServerV2\ADS\adsinterface.h(12,10): fatal error C1083: 无法打开包括文件: “C:\TwinCAT\AdsApi\TcAdsDll\Include\TcAdsDef.h”: No such file or directory
  gridhandler.cpp
D:\eon-work\Server_V2\GridServerV2\ADS\adsinterface.h(12,10): fatal error C1083: 无法打开包括文件: “C:\TwinCAT\AdsApi\TcAdsDll\Include\TcAdsDef.h”: No such file or directory
  gridserver.cpp
D:\eon-work\Server_V2\GridServerV2\ADS\adsinterface.h(12,10): fatal error C1083: 无法打开包括文件: “C:\TwinCAT\AdsApi\TcAdsDll\Include\TcAdsDef.h”: No such file or directory
  servercommunicationclass.cpp
D:\eon-work\Server_V2\GridServerV2\ADS\adsinterface.h(12,10): fatal error C1083: 无法打开包括文件: “C:\TwinCAT\AdsApi\TcAdsDll\Include\TcAdsDef.h”: No such file or directory
